// Validating benchmarks:
// ***** BenchmarkRunner: Start   *****
// ***** Found 2 benchmark(s) in total *****
// ***** Building 1 exe(s) in Parallel: Start   *****
// start dotnet  restore /p:UseSharedCompilation=false /p:BuildInParallel=false /m:1 /p:Deterministic=true /p:Optimize=true /p:ArtifactsPath="D:\Arda\software\Mevora\BenchmarkApp\bin\Release\net8.0\BenchmarkApp-DefaultJob-1/" /p:OutDir="D:\Arda\software\Mevora\BenchmarkApp\bin\Release\net8.0\BenchmarkApp-DefaultJob-1\bin\Release\net8.0/" /p:OutputPath="D:\Arda\software\Mevora\BenchmarkApp\bin\Release\net8.0\BenchmarkApp-DefaultJob-1\bin\Release\net8.0/" /p:PublishDir="D:\Arda\software\Mevora\BenchmarkApp\bin\Release\net8.0\BenchmarkApp-DefaultJob-1\publish/" in D:\Arda\software\Mevora\BenchmarkApp\bin\Release\net8.0\BenchmarkApp-DefaultJob-1
// command took 1.25 sec and exited with 0
// start dotnet  build -c Release --no-restore /p:UseSharedCompilation=false /p:BuildInParallel=false /m:1 /p:Deterministic=true /p:Optimize=true /p:ArtifactsPath="D:\Arda\software\Mevora\BenchmarkApp\bin\Release\net8.0\BenchmarkApp-DefaultJob-1/" /p:OutDir="D:\Arda\software\Mevora\BenchmarkApp\bin\Release\net8.0\BenchmarkApp-DefaultJob-1\bin\Release\net8.0/" /p:OutputPath="D:\Arda\software\Mevora\BenchmarkApp\bin\Release\net8.0\BenchmarkApp-DefaultJob-1\bin\Release\net8.0/" /p:PublishDir="D:\Arda\software\Mevora\BenchmarkApp\bin\Release\net8.0\BenchmarkApp-DefaultJob-1\publish/" --output "D:\Arda\software\Mevora\BenchmarkApp\bin\Release\net8.0\BenchmarkApp-DefaultJob-1\bin\Release\net8.0/" in D:\Arda\software\Mevora\BenchmarkApp\bin\Release\net8.0\BenchmarkApp-DefaultJob-1
// command took 9.94 sec and exited with 0
// ***** Done, took 00:00:11 (11.25 sec)   *****
// Found 2 benchmarks:
//   DispatcherBenchmark.MevoraDispatchAsync: DefaultJob
//   DispatcherBenchmark.MediatrSendAsync: DefaultJob

Setup power plan (GUID: 8c5e7fda-e8bf-4a96-9a85-a6e23a8c635c FriendlyName: High performance)
// **************************
// Benchmark: DispatcherBenchmark.MevoraDispatchAsync: DefaultJob
// *** Execute ***
// Launch: 1 / 1
// Execute: dotnet BenchmarkApp-DefaultJob-1.dll --anonymousPipes 1756 1624 --benchmarkName BenchmarkApp.DispatcherBenchmark.MevoraDispatchAsync --job Default --benchmarkId 0 in D:\Arda\software\Mevora\BenchmarkApp\bin\Release\net8.0\BenchmarkApp-DefaultJob-1\bin\Release\net8.0
// BeforeAnythingElse

// Benchmark Process Environment Information:
// BenchmarkDotNet v0.15.2
// Runtime=.NET 8.0.18 (8.0.1825.31117), X64 RyuJIT AVX2
// GC=Concurrent Workstation
// HardwareIntrinsics=AVX2,AES,BMI1,BMI2,FMA,LZCNT,PCLMUL,POPCNT VectorSize=256
// Job: DefaultJob

OverheadJitting  1: 1 op, 208800.00 ns, 208.8000 us/op
WorkloadJitting  1: 1 op, 4160600.00 ns, 4.1606 ms/op

OverheadJitting  2: 16 op, 547400.00 ns, 34.2125 us/op
WorkloadJitting  2: 16 op, 685000.00 ns, 42.8125 us/op

WorkloadPilot    1: 16 op, 167600.00 ns, 10.4750 us/op
WorkloadPilot    2: 32 op, 270000.00 ns, 8.4375 us/op
WorkloadPilot    3: 64 op, 313900.00 ns, 4.9047 us/op
WorkloadPilot    4: 128 op, 320500.00 ns, 2.5039 us/op
WorkloadPilot    5: 256 op, 495200.00 ns, 1.9344 us/op
WorkloadPilot    6: 512 op, 942900.00 ns, 1.8416 us/op
WorkloadPilot    7: 1024 op, 1717000.00 ns, 1.6768 us/op
WorkloadPilot    8: 2048 op, 3031800.00 ns, 1.4804 us/op
WorkloadPilot    9: 4096 op, 6077300.00 ns, 1.4837 us/op
WorkloadPilot   10: 8192 op, 16474100.00 ns, 2.0110 us/op
WorkloadPilot   11: 16384 op, 33662600.00 ns, 2.0546 us/op
WorkloadPilot   12: 32768 op, 69120900.00 ns, 2.1094 us/op
WorkloadPilot   13: 65536 op, 162363900.00 ns, 2.4775 us/op
WorkloadPilot   14: 131072 op, 237530600.00 ns, 1.8122 us/op
WorkloadPilot   15: 262144 op, 342995500.00 ns, 1.3084 us/op
WorkloadPilot   16: 524288 op, 956607100.00 ns, 1.8246 us/op

OverheadWarmup   1: 524288 op, 1547500.00 ns, 2.9516 ns/op
OverheadWarmup   2: 524288 op, 1483700.00 ns, 2.8299 ns/op
OverheadWarmup   3: 524288 op, 1487600.00 ns, 2.8374 ns/op
OverheadWarmup   4: 524288 op, 1474400.00 ns, 2.8122 ns/op
OverheadWarmup   5: 524288 op, 1471200.00 ns, 2.8061 ns/op
OverheadWarmup   6: 524288 op, 1497200.00 ns, 2.8557 ns/op
OverheadWarmup   7: 524288 op, 1466200.00 ns, 2.7966 ns/op

OverheadActual   1: 524288 op, 1448900.00 ns, 2.7636 ns/op
OverheadActual   2: 524288 op, 1590200.00 ns, 3.0331 ns/op
OverheadActual   3: 524288 op, 1495000.00 ns, 2.8515 ns/op
OverheadActual   4: 524288 op, 1471000.00 ns, 2.8057 ns/op
OverheadActual   5: 524288 op, 1470500.00 ns, 2.8048 ns/op
OverheadActual   6: 524288 op, 1528900.00 ns, 2.9161 ns/op
OverheadActual   7: 524288 op, 1470900.00 ns, 2.8055 ns/op
OverheadActual   8: 524288 op, 1574400.00 ns, 3.0029 ns/op
OverheadActual   9: 524288 op, 1473200.00 ns, 2.8099 ns/op
OverheadActual  10: 524288 op, 1471000.00 ns, 2.8057 ns/op
OverheadActual  11: 524288 op, 1470900.00 ns, 2.8055 ns/op
OverheadActual  12: 524288 op, 1661800.00 ns, 3.1696 ns/op
OverheadActual  13: 524288 op, 1498600.00 ns, 2.8584 ns/op
OverheadActual  14: 524288 op, 1463400.00 ns, 2.7912 ns/op
OverheadActual  15: 524288 op, 1464300.00 ns, 2.7929 ns/op

OverheadWarmup   1: 524288 op, 1549000.00 ns, 2.9545 ns/op
OverheadWarmup   2: 524288 op, 1683200.00 ns, 3.2104 ns/op
OverheadWarmup   3: 524288 op, 1513800.00 ns, 2.8873 ns/op
OverheadWarmup   4: 524288 op, 1462200.00 ns, 2.7889 ns/op
OverheadWarmup   5: 524288 op, 1504900.00 ns, 2.8704 ns/op
OverheadWarmup   6: 524288 op, 1567200.00 ns, 2.9892 ns/op
OverheadWarmup   7: 524288 op, 1474200.00 ns, 2.8118 ns/op

// BeforeActualRun
WorkloadActual   1: 524288 op, 673050400.00 ns, 1.2837 us/op
WorkloadActual   2: 524288 op, 674595000.00 ns, 1.2867 us/op
WorkloadActual   3: 524288 op, 688153900.00 ns, 1.3125 us/op
WorkloadActual   4: 524288 op, 678070600.00 ns, 1.2933 us/op
WorkloadActual   5: 524288 op, 677902300.00 ns, 1.2930 us/op
WorkloadActual   6: 524288 op, 704443200.00 ns, 1.3436 us/op
WorkloadActual   7: 524288 op, 684298600.00 ns, 1.3052 us/op
WorkloadActual   8: 524288 op, 728898200.00 ns, 1.3903 us/op
WorkloadActual   9: 524288 op, 686402400.00 ns, 1.3092 us/op
WorkloadActual  10: 524288 op, 700039900.00 ns, 1.3352 us/op
WorkloadActual  11: 524288 op, 680943200.00 ns, 1.2988 us/op
WorkloadActual  12: 524288 op, 686352500.00 ns, 1.3091 us/op
WorkloadActual  13: 524288 op, 688670100.00 ns, 1.3135 us/op
WorkloadActual  14: 524288 op, 711080900.00 ns, 1.3563 us/op
WorkloadActual  15: 524288 op, 764095800.00 ns, 1.4574 us/op
WorkloadActual  16: 524288 op, 689679400.00 ns, 1.3155 us/op
WorkloadActual  17: 524288 op, 689097400.00 ns, 1.3143 us/op
WorkloadActual  18: 524288 op, 681057600.00 ns, 1.2990 us/op

// AfterActualRun
WorkloadResult   1: 524288 op, 671579400.00 ns, 1.2809 us/op
WorkloadResult   2: 524288 op, 673124000.00 ns, 1.2839 us/op
WorkloadResult   3: 524288 op, 686682900.00 ns, 1.3097 us/op
WorkloadResult   4: 524288 op, 676599600.00 ns, 1.2905 us/op
WorkloadResult   5: 524288 op, 676431300.00 ns, 1.2902 us/op
WorkloadResult   6: 524288 op, 702972200.00 ns, 1.3408 us/op
WorkloadResult   7: 524288 op, 682827600.00 ns, 1.3024 us/op
WorkloadResult   8: 524288 op, 684931400.00 ns, 1.3064 us/op
WorkloadResult   9: 524288 op, 698568900.00 ns, 1.3324 us/op
WorkloadResult  10: 524288 op, 679472200.00 ns, 1.2960 us/op
WorkloadResult  11: 524288 op, 684881500.00 ns, 1.3063 us/op
WorkloadResult  12: 524288 op, 687199100.00 ns, 1.3107 us/op
WorkloadResult  13: 524288 op, 709609900.00 ns, 1.3535 us/op
WorkloadResult  14: 524288 op, 688208400.00 ns, 1.3127 us/op
WorkloadResult  15: 524288 op, 687626400.00 ns, 1.3115 us/op
WorkloadResult  16: 524288 op, 679586600.00 ns, 1.2962 us/op
// GC:  63 16 0 398471184 524288
// Threading:  0 0 524288

// AfterAll
// Benchmark Process 3960 has exited with code 0.

Mean = 1.308 μs, StdErr = 0.005 μs (0.38%), N = 16, StdDev = 0.020 μs
Min = 1.281 μs, Q1 = 1.295 μs, Median = 1.306 μs, Q3 = 1.312 μs, Max = 1.353 μs
IQR = 0.017 μs, LowerFence = 1.269 μs, UpperFence = 1.338 μs
ConfidenceInterval = [1.287 μs; 1.328 μs] (CI 99.9%), Margin = 0.020 μs (1.56% of Mean)
Skewness = 0.77, Kurtosis = 2.69, MValue = 2

// ** Remained 1 (50.0%) benchmark(s) to run. Estimated finish 2025-08-16 16:51 (0h 1m from now) **
Setup power plan (GUID: 8c5e7fda-e8bf-4a96-9a85-a6e23a8c635c FriendlyName: High performance)
// **************************
// Benchmark: DispatcherBenchmark.MediatrSendAsync: DefaultJob
// *** Execute ***
// Launch: 1 / 1
// Execute: dotnet BenchmarkApp-DefaultJob-1.dll --anonymousPipes 1756 1624 --benchmarkName BenchmarkApp.DispatcherBenchmark.MediatrSendAsync --job Default --benchmarkId 1 in D:\Arda\software\Mevora\BenchmarkApp\bin\Release\net8.0\BenchmarkApp-DefaultJob-1\bin\Release\net8.0
// BeforeAnythingElse

// Benchmark Process Environment Information:
// BenchmarkDotNet v0.15.2
// Runtime=.NET 8.0.18 (8.0.1825.31117), X64 RyuJIT AVX2
// GC=Concurrent Workstation
// HardwareIntrinsics=AVX2,AES,BMI1,BMI2,FMA,LZCNT,PCLMUL,POPCNT VectorSize=256
// Job: DefaultJob

OverheadJitting  1: 1 op, 146500.00 ns, 146.5000 us/op
WorkloadJitting  1: 1 op, 4161300.00 ns, 4.1613 ms/op

OverheadJitting  2: 16 op, 468100.00 ns, 29.2563 us/op
WorkloadJitting  2: 16 op, 716300.00 ns, 44.7688 us/op

WorkloadPilot    1: 16 op, 193000.00 ns, 12.0625 us/op
WorkloadPilot    2: 32 op, 254300.00 ns, 7.9469 us/op
WorkloadPilot    3: 64 op, 325000.00 ns, 5.0781 us/op
WorkloadPilot    4: 128 op, 358200.00 ns, 2.7984 us/op
WorkloadPilot    5: 256 op, 568700.00 ns, 2.2215 us/op
WorkloadPilot    6: 512 op, 1104900.00 ns, 2.1580 us/op
WorkloadPilot    7: 1024 op, 1643500.00 ns, 1.6050 us/op
WorkloadPilot    8: 2048 op, 2861900.00 ns, 1.3974 us/op
WorkloadPilot    9: 4096 op, 5972000.00 ns, 1.4580 us/op
WorkloadPilot   10: 8192 op, 15486100.00 ns, 1.8904 us/op
WorkloadPilot   11: 16384 op, 33125500.00 ns, 2.0218 us/op
WorkloadPilot   12: 32768 op, 62478700.00 ns, 1.9067 us/op
WorkloadPilot   13: 65536 op, 156099400.00 ns, 2.3819 us/op
WorkloadPilot   14: 131072 op, 231727800.00 ns, 1.7679 us/op
WorkloadPilot   15: 262144 op, 327629100.00 ns, 1.2498 us/op
WorkloadPilot   16: 524288 op, 781241800.00 ns, 1.4901 us/op

OverheadWarmup   1: 524288 op, 1648500.00 ns, 3.1443 ns/op
OverheadWarmup   2: 524288 op, 1468600.00 ns, 2.8011 ns/op
OverheadWarmup   3: 524288 op, 1567500.00 ns, 2.9898 ns/op
OverheadWarmup   4: 524288 op, 1511900.00 ns, 2.8837 ns/op
OverheadWarmup   5: 524288 op, 1470900.00 ns, 2.8055 ns/op
OverheadWarmup   6: 524288 op, 1459100.00 ns, 2.7830 ns/op
OverheadWarmup   7: 524288 op, 1489500.00 ns, 2.8410 ns/op
OverheadWarmup   8: 524288 op, 1556200.00 ns, 2.9682 ns/op
OverheadWarmup   9: 524288 op, 1489600.00 ns, 2.8412 ns/op

OverheadActual   1: 524288 op, 1507100.00 ns, 2.8746 ns/op
OverheadActual   2: 524288 op, 1514100.00 ns, 2.8879 ns/op
OverheadActual   3: 524288 op, 1517600.00 ns, 2.8946 ns/op
OverheadActual   4: 524288 op, 1490900.00 ns, 2.8437 ns/op
OverheadActual   5: 524288 op, 1490800.00 ns, 2.8435 ns/op
OverheadActual   6: 524288 op, 1470900.00 ns, 2.8055 ns/op
OverheadActual   7: 524288 op, 1470900.00 ns, 2.8055 ns/op
OverheadActual   8: 524288 op, 1548200.00 ns, 2.9530 ns/op
OverheadActual   9: 524288 op, 1469700.00 ns, 2.8032 ns/op
OverheadActual  10: 524288 op, 1520000.00 ns, 2.8992 ns/op
OverheadActual  11: 524288 op, 1474400.00 ns, 2.8122 ns/op
OverheadActual  12: 524288 op, 1527000.00 ns, 2.9125 ns/op
OverheadActual  13: 524288 op, 1546700.00 ns, 2.9501 ns/op
OverheadActual  14: 524288 op, 1532000.00 ns, 2.9221 ns/op
OverheadActual  15: 524288 op, 1468700.00 ns, 2.8013 ns/op

OverheadWarmup   1: 524288 op, 1598800.00 ns, 3.0495 ns/op
OverheadWarmup   2: 524288 op, 1468100.00 ns, 2.8002 ns/op
OverheadWarmup   3: 524288 op, 1476000.00 ns, 2.8152 ns/op
OverheadWarmup   4: 524288 op, 1549500.00 ns, 2.9554 ns/op
OverheadWarmup   5: 524288 op, 1472000.00 ns, 2.8076 ns/op
OverheadWarmup   6: 524288 op, 1471600.00 ns, 2.8069 ns/op
OverheadWarmup   7: 524288 op, 1929200.00 ns, 3.6797 ns/op
OverheadWarmup   8: 524288 op, 1544700.00 ns, 2.9463 ns/op

// BeforeActualRun
WorkloadActual   1: 524288 op, 668967300.00 ns, 1.2760 us/op
WorkloadActual   2: 524288 op, 665831800.00 ns, 1.2700 us/op
WorkloadActual   3: 524288 op, 678189400.00 ns, 1.2935 us/op
WorkloadActual   4: 524288 op, 671997700.00 ns, 1.2817 us/op
WorkloadActual   5: 524288 op, 671358700.00 ns, 1.2805 us/op
WorkloadActual   6: 524288 op, 743974400.00 ns, 1.4190 us/op
WorkloadActual   7: 524288 op, 836768500.00 ns, 1.5960 us/op
WorkloadActual   8: 524288 op, 716166800.00 ns, 1.3660 us/op
WorkloadActual   9: 524288 op, 691866700.00 ns, 1.3196 us/op
WorkloadActual  10: 524288 op, 756496300.00 ns, 1.4429 us/op
WorkloadActual  11: 524288 op, 695860500.00 ns, 1.3272 us/op
WorkloadActual  12: 524288 op, 668864200.00 ns, 1.2758 us/op
WorkloadActual  13: 524288 op, 669126900.00 ns, 1.2763 us/op
WorkloadActual  14: 524288 op, 687076300.00 ns, 1.3105 us/op
WorkloadActual  15: 524288 op, 709187700.00 ns, 1.3527 us/op
WorkloadActual  16: 524288 op, 675010700.00 ns, 1.2875 us/op
WorkloadActual  17: 524288 op, 669107800.00 ns, 1.2762 us/op
WorkloadActual  18: 524288 op, 702745500.00 ns, 1.3404 us/op
WorkloadActual  19: 524288 op, 701604800.00 ns, 1.3382 us/op
WorkloadActual  20: 524288 op, 729501400.00 ns, 1.3914 us/op
WorkloadActual  21: 524288 op, 700117700.00 ns, 1.3354 us/op
WorkloadActual  22: 524288 op, 692701300.00 ns, 1.3212 us/op
WorkloadActual  23: 524288 op, 667263700.00 ns, 1.2727 us/op
WorkloadActual  24: 524288 op, 686399100.00 ns, 1.3092 us/op
WorkloadActual  25: 524288 op, 711783000.00 ns, 1.3576 us/op
WorkloadActual  26: 524288 op, 687695800.00 ns, 1.3117 us/op
WorkloadActual  27: 524288 op, 714588300.00 ns, 1.3630 us/op
WorkloadActual  28: 524288 op, 722632500.00 ns, 1.3783 us/op
WorkloadActual  29: 524288 op, 688496100.00 ns, 1.3132 us/op
WorkloadActual  30: 524288 op, 742586100.00 ns, 1.4164 us/op
WorkloadActual  31: 524288 op, 708341600.00 ns, 1.3511 us/op
WorkloadActual  32: 524288 op, 700525800.00 ns, 1.3361 us/op
WorkloadActual  33: 524288 op, 685586800.00 ns, 1.3077 us/op
WorkloadActual  34: 524288 op, 683586900.00 ns, 1.3038 us/op
WorkloadActual  35: 524288 op, 699317100.00 ns, 1.3338 us/op
WorkloadActual  36: 524288 op, 680652600.00 ns, 1.2982 us/op
WorkloadActual  37: 524288 op, 710551800.00 ns, 1.3553 us/op
WorkloadActual  38: 524288 op, 695926900.00 ns, 1.3274 us/op

// AfterActualRun
WorkloadResult   1: 524288 op, 667460200.00 ns, 1.2731 us/op
WorkloadResult   2: 524288 op, 664324700.00 ns, 1.2671 us/op
WorkloadResult   3: 524288 op, 676682300.00 ns, 1.2907 us/op
WorkloadResult   4: 524288 op, 670490600.00 ns, 1.2789 us/op
WorkloadResult   5: 524288 op, 669851600.00 ns, 1.2776 us/op
WorkloadResult   6: 524288 op, 742467300.00 ns, 1.4161 us/op
WorkloadResult   7: 524288 op, 714659700.00 ns, 1.3631 us/op
WorkloadResult   8: 524288 op, 690359600.00 ns, 1.3168 us/op
WorkloadResult   9: 524288 op, 754989200.00 ns, 1.4400 us/op
WorkloadResult  10: 524288 op, 694353400.00 ns, 1.3244 us/op
WorkloadResult  11: 524288 op, 667357100.00 ns, 1.2729 us/op
WorkloadResult  12: 524288 op, 667619800.00 ns, 1.2734 us/op
WorkloadResult  13: 524288 op, 685569200.00 ns, 1.3076 us/op
WorkloadResult  14: 524288 op, 707680600.00 ns, 1.3498 us/op
WorkloadResult  15: 524288 op, 673503600.00 ns, 1.2846 us/op
WorkloadResult  16: 524288 op, 667600700.00 ns, 1.2733 us/op
WorkloadResult  17: 524288 op, 701238400.00 ns, 1.3375 us/op
WorkloadResult  18: 524288 op, 700097700.00 ns, 1.3353 us/op
WorkloadResult  19: 524288 op, 727994300.00 ns, 1.3885 us/op
WorkloadResult  20: 524288 op, 698610600.00 ns, 1.3325 us/op
WorkloadResult  21: 524288 op, 691194200.00 ns, 1.3183 us/op
WorkloadResult  22: 524288 op, 665756600.00 ns, 1.2698 us/op
WorkloadResult  23: 524288 op, 684892000.00 ns, 1.3063 us/op
WorkloadResult  24: 524288 op, 710275900.00 ns, 1.3547 us/op
WorkloadResult  25: 524288 op, 686188700.00 ns, 1.3088 us/op
WorkloadResult  26: 524288 op, 713081200.00 ns, 1.3601 us/op
WorkloadResult  27: 524288 op, 721125400.00 ns, 1.3754 us/op
WorkloadResult  28: 524288 op, 686989000.00 ns, 1.3103 us/op
WorkloadResult  29: 524288 op, 741079000.00 ns, 1.4135 us/op
WorkloadResult  30: 524288 op, 706834500.00 ns, 1.3482 us/op
WorkloadResult  31: 524288 op, 699018700.00 ns, 1.3333 us/op
WorkloadResult  32: 524288 op, 684079700.00 ns, 1.3048 us/op
WorkloadResult  33: 524288 op, 682079800.00 ns, 1.3010 us/op
WorkloadResult  34: 524288 op, 697810000.00 ns, 1.3310 us/op
WorkloadResult  35: 524288 op, 679145500.00 ns, 1.2954 us/op
WorkloadResult  36: 524288 op, 709044700.00 ns, 1.3524 us/op
WorkloadResult  37: 524288 op, 694419800.00 ns, 1.3245 us/op
// GC:  63 16 0 398471184 524288
// Threading:  0 0 524288

// AfterAll
// Benchmark Process 17588 has exited with code 0.

Mean = 1.325 μs, StdErr = 0.007 μs (0.54%), N = 37, StdDev = 0.044 μs
Min = 1.267 μs, Q1 = 1.291 μs, Median = 1.318 μs, Q3 = 1.350 μs, Max = 1.440 μs
IQR = 0.059 μs, LowerFence = 1.202 μs, UpperFence = 1.438 μs
ConfidenceInterval = [1.299 μs; 1.350 μs] (CI 99.9%), Margin = 0.026 μs (1.95% of Mean)
Skewness = 0.74, Kurtosis = 2.93, MValue = 2

// ** Remained 0 (0.0%) benchmark(s) to run. Estimated finish 2025-08-16 16:53 (0h 0m from now) **
Successfully reverted power plan (GUID: 381b4222-f694-41f0-9685-ff5bb260df2e FriendlyName: Balanced)
// ***** BenchmarkRunner: Finish  *****

// * Export *
  BenchmarkDotNet.Artifacts\results\BenchmarkApp.DispatcherBenchmark-report.csv
  BenchmarkDotNet.Artifacts\results\BenchmarkApp.DispatcherBenchmark-report-github.md
  BenchmarkDotNet.Artifacts\results\BenchmarkApp.DispatcherBenchmark-report.html

// * Detailed results *
DispatcherBenchmark.MevoraDispatchAsync: DefaultJob
Runtime = .NET 8.0.18 (8.0.1825.31117), X64 RyuJIT AVX2; GC = Concurrent Workstation
Mean = 1.308 μs, StdErr = 0.005 μs (0.38%), N = 16, StdDev = 0.020 μs
Min = 1.281 μs, Q1 = 1.295 μs, Median = 1.306 μs, Q3 = 1.312 μs, Max = 1.353 μs
IQR = 0.017 μs, LowerFence = 1.269 μs, UpperFence = 1.338 μs
ConfidenceInterval = [1.287 μs; 1.328 μs] (CI 99.9%), Margin = 0.020 μs (1.56% of Mean)
Skewness = 0.77, Kurtosis = 2.69, MValue = 2
-------------------- Histogram --------------------
[1.270 μs ; 1.317 μs) | @@@@@@@@@@@@@
[1.317 μs ; 1.364 μs) | @@@
---------------------------------------------------

DispatcherBenchmark.MediatrSendAsync: DefaultJob
Runtime = .NET 8.0.18 (8.0.1825.31117), X64 RyuJIT AVX2; GC = Concurrent Workstation
Mean = 1.325 μs, StdErr = 0.007 μs (0.54%), N = 37, StdDev = 0.044 μs
Min = 1.267 μs, Q1 = 1.291 μs, Median = 1.318 μs, Q3 = 1.350 μs, Max = 1.440 μs
IQR = 0.059 μs, LowerFence = 1.202 μs, UpperFence = 1.438 μs
ConfidenceInterval = [1.299 μs; 1.350 μs] (CI 99.9%), Margin = 0.026 μs (1.95% of Mean)
Skewness = 0.74, Kurtosis = 2.93, MValue = 2
-------------------- Histogram --------------------
[1.267 μs ; 1.304 μs) | @@@@@@@@@@@@
[1.304 μs ; 1.338 μs) | @@@@@@@@@@@@@@
[1.338 μs ; 1.379 μs) | @@@@@@@
[1.379 μs ; 1.409 μs) | @
[1.409 μs ; 1.444 μs) | @@@
---------------------------------------------------

// * Summary *

BenchmarkDotNet v0.15.2, Windows 11 (10.0.26100.4946/24H2/2024Update/HudsonValley)
Intel Core i7-9700 CPU 3.00GHz, 1 CPU, 8 logical and 8 physical cores
.NET SDK 9.0.302
  [Host]     : .NET 8.0.18 (8.0.1825.31117), X64 RyuJIT AVX2
  DefaultJob : .NET 8.0.18 (8.0.1825.31117), X64 RyuJIT AVX2


| Method              | Mean     | Error     | StdDev    | Gen0   | Gen1   | Allocated |
|-------------------- |---------:|----------:|----------:|-------:|-------:|----------:|
| MevoraDispatchAsync | 1.308 μs | 0.0204 μs | 0.0201 μs | 0.1202 | 0.0305 |     760 B |
| MediatrSendAsync    | 1.325 μs | 0.0258 μs | 0.0439 μs | 0.1202 | 0.0305 |     760 B |

// * Hints *
Outliers
  DispatcherBenchmark.MevoraDispatchAsync: Default -> 2 outliers were removed (1.39 μs, 1.46 μs)
  DispatcherBenchmark.MediatrSendAsync: Default    -> 1 outlier  was  removed (1.60 μs)

// * Legends *
  Mean      : Arithmetic mean of all measurements
  Error     : Half of 99.9% confidence interval
  StdDev    : Standard deviation of all measurements
  Gen0      : GC Generation 0 collects per 1000 operations
  Gen1      : GC Generation 1 collects per 1000 operations
  Allocated : Allocated memory per single operation (managed only, inclusive, 1KB = 1024B)
  1 μs      : 1 Microsecond (0.000001 sec)

// * Diagnostic Output - MemoryDiagnoser *


// ***** BenchmarkRunner: End *****
Run time: 00:05:32 (332.78 sec), executed benchmarks: 2

Global total time: 00:05:44 (344.33 sec), executed benchmarks: 2
// * Artifacts cleanup *
Artifacts cleanup is finished
